# leakcheck baseline (leakcheck v1.1.0)
#
# WHAT THIS FILE IS
# Every line below is an internal identifier that is ALREADY PUBLISHED in this
# public repo. The gate ignores these lines so that existing work is not
# blocked, and fails on anything new.
#
# A LINE HERE IS A RECORD OF A LEAK THAT ALREADY HAPPENED. IT IS NOT A LICENCE
# TO ADD MORE. Never hand-add a line to get a commit through. The honest way to
# clear a finding is to delete the identifier from the source and run
# `make leakcheck-update`, which is the only direction this file should move.
#
# Columns are tab separated: <path> <kind> <token>
# Regenerate with: make leakcheck-update
CHANGELOG.md	ipv4	10.0.0.5
CHANGELOG.md	ipv4	10.96.0.0
CHANGELOG.md	ipv4	140.82.121.4
CHANGELOG.md	ipv4	172.24.0.0
CHANGELOG.md	ipv4	172.24.200.0
CHANGELOG.md	ipv4	172.25.0.0
CHANGELOG.md	ipv4	172.25.0.203
agentstream/dnsmasq_validate.go	ipv4	1.2.3.4
agentstream/dnsmasq_validate.go	ipv4	10.0.0.1
agentstream/validators_test.go	ipv4	1.1.1.1
agentstream/validators_test.go	ipv4	10.0.0.1
agentstream/validators_test.go	ipv4	10.0.0.5
agentstream/validators_test.go	ipv4	10.0.0.53
agentstream/validators_test.go	ipv4	10.96.0.10
agentstream/validators_test.go	ipv4	172.16.0.1
agentstream/validators_test.go	ipv4	192.168.1.10
agentstream/validators_test.go	ipv4	8.8.8.8
agentstream/validators_test.go	ipv6	2606:4700:4700::1111
backend/nodeward_dns_diagnosis.go	ipv4	192.168.0.1
backend/nodeward_dns_diagnosis_test.go	ipv4	10.0.0.1
backend/nodeward_dns_diagnosis_test.go	ipv4	10.0.0.5
backend/nodeward_dns_diagnosis_test.go	ipv4	192.168.0.10
cmd/etcd/remove_member.go	ipv4	10.0.0.7
cmd/preflight/preflight_dns_test.go	ipv4	1.1.1.1
cmd/preflight/preflight_dns_test.go	ipv4	1.2.3.4
cmd/preflight/preflight_dns_test.go	ipv4	10.0.0.1
cmd/preflight/preflight_dns_test.go	ipv4	10.42.0.53
cmd/preflight/preflight_dns_test.go	ipv4	192.168.0.1
cmd/preflight/preflight_dns_test.go	ipv4	9.9.9.9
cmd/preflight/preflight_identity.go	ipv4	1.1.1.1
cmd/preflight/preflight_identity.go	ipv4	10.96.0.0
cmd/preflight/preflight_identity.go	ipv4	172.24.0.0
cmd/preflight/preflight_identity.go	ipv4	172.24.200.0
cmd/preflight/preflight_identity.go	ipv4	172.25.0.0
cmd/preflight/preflight_identity_test.go	ipv4	10.0.0.0
cmd/preflight/preflight_identity_test.go	ipv4	10.0.0.5
cmd/preflight/preflight_identity_test.go	ipv4	10.111.255.254
cmd/preflight/preflight_identity_test.go	ipv4	10.96.0.0
cmd/preflight/preflight_identity_test.go	ipv4	10.96.0.10
cmd/preflight/preflight_identity_test.go	ipv4	10.96.3.7
cmd/preflight/preflight_identity_test.go	ipv4	172.24.200.0
cmd/preflight/preflight_identity_test.go	ipv4	172.24.201.5
cmd/preflight/preflight_identity_test.go	ipv4	172.24.33.1
cmd/preflight/preflight_identity_test.go	ipv4	172.25.0.0
cmd/preflight/preflight_identity_test.go	ipv4	172.25.0.203
cmd/preflight/preflight_identity_test.go	ipv4	172.25.0.44
cmd/preflight/preflight_identity_test.go	ipv4	172.25.1.0
cmd/preflight/preflight_identity_test.go	ipv4	172.25.4.10
cmd/preflight/preflight_identity_test.go	ipv4	192.168.1.0
cmd/preflight/preflight_net.go	ipv4	1.1.1.1
cmd/preflight/preflight_net.go	ipv4	8.8.8.8
cmd/preflight/preflight_net2.go	ipv4	1.1.1.1
cmd/preflight/preflight_net2.go	ipv4	8.8.8.8
cmd/preflight/preflight_net2_test.go	ipv4	10.0.0.5
cmd/preflight/preflight_net2_test.go	ipv4	10.50.50.4
cmd/preflight/preflight_net2_test.go	ipv4	172.17.0.1
cmd/preflight/preflight_net2_test.go	ipv4	172.17.0.2
cmd/preflight/preflight_net2_test.go	ipv4	192.168.122.1
cmd/preflight/root_test.go	ipv4	1.2.3.4
cmd/setconfig/root.go	ipv4	192.168.1.100
commons/failure_classifier.go	ipv4	1.1.1.1
commons/ufw_peer_ranges.go	ipv4	172.24.0.0
commons/ufw_peer_ranges_test.go	ipv4	10.10.0.0
commons/ufw_peer_ranges_test.go	ipv4	10.128.252.0
commons/ufw_peer_ranges_test.go	ipv4	10.128.252.5
commons/ufw_peer_ranges_test.go	ipv4	10.59.204.0
commons/ufw_peer_ranges_test.go	ipv4	10.59.204.7
commons/ufw_peer_ranges_test.go	ipv4	10.77.5.0
commons/ufw_peer_ranges_test.go	ipv4	10.77.5.2
commons/ufw_peer_ranges_test.go	ipv4	10.77.5.9
commons/ufw_peer_ranges_test.go	ipv4	172.24.0.0
commons/ufw_peer_ranges_test.go	ipv4	172.24.32.0
commons/ufw_peer_ranges_test.go	ipv4	172.24.32.1
commons/ufw_peer_ranges_test.go	ipv4	172.24.32.9
commons/wireguard_converge_test.go	ipv4	10.0.0.1
commons/wireguard_converge_test.go	ipv4	10.0.0.2
commons/wireguard_routes.go	ipv4	10.158.31.0
commons/wireguard_routes.go	ipv4	10.158.31.2
commons/wireguard_routes_test.go	ipv4	10.128.252.0
commons/wireguard_routes_test.go	ipv4	10.128.252.1
commons/wireguard_routes_test.go	ipv4	10.128.252.200
commons/wireguard_routes_test.go	ipv4	10.128.252.3
commons/wireguard_routes_test.go	ipv4	10.128.252.7
commons/wireguard_routes_test.go	ipv4	10.128.252.9
commons/wireguard_routes_test.go	ipv4	10.137.65.1
commons/wireguard_routes_test.go	ipv4	10.137.65.2
commons/wireguard_routes_test.go	ipv4	10.137.65.9
commons/wireguard_routes_test.go	ipv4	10.140.0.0
commons/wireguard_routes_test.go	ipv4	10.140.0.4
commons/wireguard_routes_test.go	ipv4	10.140.46.2
commons/wireguard_routes_test.go	ipv4	10.158.31.0
commons/wireguard_routes_test.go	ipv4	10.158.31.2
commons/wireguard_routes_test.go	ipv4	10.158.31.3
commons/wireguard_routes_test.go	ipv4	10.158.31.4
commons/wireguard_routes_test.go	ipv4	10.58.72.1
commons/wireguard_routes_test.go	ipv4	10.77.5.2
commons/wireguard_routes_test.go	ipv4	172.24.32.1
commons/wireguard_test.go	ipv4	10.0.0.2
commons/wireguard_test.go	ipv4	10.0.0.3
commons/wireguard_test.go	ipv4	10.77.5.2
commons/wireguard_test.go	ipv4	10.77.5.3
docs/README.md	ipv4	172.24.0.0
docs/README.md	ipv4	172.24.200.0
docs/commands.md	ipv4	10.0.0.5
docs/commands.md	ipv4	192.168.1.100
docs/connectivity.md	ipv4	172.24.0.0
docs/connectivity.md	ipv4	172.24.1.0
docs/connectivity.md	ipv4	172.24.1.10
docs/connectivity.md	ipv4	172.24.1.20
docs/connectivity.md	ipv4	172.24.1.30
docs/connectivity.md	ipv4	172.24.1.81
docs/connectivity.md	ipv4	172.24.200.0
docs/connectivity.md	ipv4	172.24.200.1
docs/connectivity.md	ipv4	172.24.200.2
docs/connectivity.md	ipv4	172.24.200.3
docs/connectivity.md	ipv4	172.24.207.255
docs/connectivity.md	ipv4	172.24.255.255
docs/getting-started.md	ipv4	172.24.0.0
docs/getting-started.md	ipv4	172.24.200.0
docs/troubleshooting.md	ipv4	172.24.0.0
docs/troubleshooting.md	ipv4	172.24.200.0
k8s/remove_member_test.go	ipv4	10.0.0.1
k8s/remove_member_test.go	ipv4	10.0.0.2
uc/hostnet/hostnet_test.go	ipv4	10.128.252.0
uc/hostnet/hostnet_test.go	ipv4	10.5.5.5
uc/hostnet/hostnet_test.go	ipv4	10.50.0.0
uc/hostnet/hostnet_test.go	ipv4	172.25.0.0
uc/hostnet/hostnet_test.go	ipv4	192.168.9.0
uc/install/update_node_agent_test.go	ipv4	1.2.3.4
